15:26:02.770 [main] ERROR o.s.b.d.LoggingFailureAnalysisReporter - [report,40] - 

***************************
APPLICATION FAILED TO START
***************************

Description:

Field genTableMapper in com.szmtr.gen.service.GenTableServiceImpl required a bean of type 'com.szmtr.gen.mapper.GenTableMapper' that could not be found.

The injection point has the following annotations:
	- @org.springframework.beans.factory.annotation.Autowired(required=true)


Action:

Consider defining a bean of type 'com.szmtr.gen.mapper.GenTableMapper' in your configuration.

15:54:07.506 [main] ERROR o.s.b.d.LoggingFailureAnalysisReporter - [report,40] - 

***************************
APPLICATION FAILED TO START
***************************

Description:

Field genTableMapper in com.szmtr.gen.service.GenTableServiceImpl required a bean of type 'com.szmtr.gen.mapper.GenTableMapper' that could not be found.

The injection point has the following annotations:
	- @org.springframework.beans.factory.annotation.Autowired(required=true)


Action:

Consider defining a bean of type 'com.szmtr.gen.mapper.GenTableMapper' in your configuration.

16:39:28.327 [main] ERROR o.s.b.d.LoggingFailureAnalysisReporter - [report,40] - 

***************************
APPLICATION FAILED TO START
***************************

Description:

Field genTableMapper in com.szmtr.gen.service.GenTableServiceImpl required a bean of type 'com.szmtr.gen.mapper.GenTableMapper' that could not be found.

The injection point has the following annotations:
	- @org.springframework.beans.factory.annotation.Autowired(required=true)


Action:

Consider defining a bean of type 'com.szmtr.gen.mapper.GenTableMapper' in your configuration.

16:46:00.707 [main] ERROR o.s.b.d.LoggingFailureAnalysisReporter - [report,40] - 

***************************
APPLICATION FAILED TO START
***************************

Description:

Field genTableMapper in com.szmtr.gen.service.GenTableServiceImpl required a bean of type 'com.szmtr.gen.mapper.GenTableMapper' that could not be found.

The injection point has the following annotations:
	- @org.springframework.beans.factory.annotation.Autowired(required=true)


Action:

Consider defining a bean of type 'com.szmtr.gen.mapper.GenTableMapper' in your configuration.

17:46:36.862 [main] ERROR o.s.b.d.LoggingFailureAnalysisReporter - [report,40] - 

***************************
APPLICATION FAILED TO START
***************************

Description:

Field genTableMapper in com.szmtr.gen.service.GenTableServiceImpl required a bean of type 'com.szmtr.gen.mapper.GenTableMapper' that could not be found.

The injection point has the following annotations:
	- @org.springframework.beans.factory.annotation.Autowired(required=true)


Action:

Consider defining a bean of type 'com.szmtr.gen.mapper.GenTableMapper' in your configuration.

18:04:54.776 [main] ERROR o.s.b.d.LoggingFailureAnalysisReporter - [report,40] - 

***************************
APPLICATION FAILED TO START
***************************

Description:

Field genTableMapper in com.szmtr.gen.service.GenTableServiceImpl required a bean of type 'com.szmtr.gen.mapper.GenTableMapper' that could not be found.

The injection point has the following annotations:
	- @org.springframework.beans.factory.annotation.Autowired(required=true)


Action:

Consider defining a bean of type 'com.szmtr.gen.mapper.GenTableMapper' in your configuration.

