11:06:54.789 [main] ERROR o.s.b.d.LoggingFailureAnalysisReporter - [report,40] - 

***************************
APPLICATION FAILED TO START
***************************

Description:

Field genTableMapper in com.szmtr.gen.service.GenTableServiceImpl required a bean of type 'com.szmtr.gen.mapper.GenTableMapper' that could not be found.

The injection point has the following annotations:
	- @org.springframework.beans.factory.annotation.Autowired(required=true)


Action:

Consider defining a bean of type 'com.szmtr.gen.mapper.GenTableMapper' in your configuration.

14:39:38.910 [main] ERROR o.s.b.d.LoggingFailureAnalysisReporter - [report,40] - 

***************************
APPLICATION FAILED TO START
***************************

Description:

Field genTableMapper in com.szmtr.gen.service.GenTableServiceImpl required a bean of type 'com.szmtr.gen.mapper.GenTableMapper' that could not be found.

The injection point has the following annotations:
	- @org.springframework.beans.factory.annotation.Autowired(required=true)


Action:

Consider defining a bean of type 'com.szmtr.gen.mapper.GenTableMapper' in your configuration.

15:29:14.384 [main] ERROR o.s.b.d.LoggingFailureAnalysisReporter - [report,40] - 

***************************
APPLICATION FAILED TO START
***************************

Description:

Field genTableMapper in com.szmtr.gen.service.GenTableServiceImpl required a bean of type 'com.szmtr.gen.mapper.GenTableMapper' that could not be found.

The injection point has the following annotations:
	- @org.springframework.beans.factory.annotation.Autowired(required=true)


Action:

Consider defining a bean of type 'com.szmtr.gen.mapper.GenTableMapper' in your configuration.

