17:10:03.678 [org.springframework.amqp.rabbit.RabbitListenerEndpointContainer#0-1] ERROR o.s.a.r.l.SimpleMessageListenerContainer - [redeclareElementsIfNecessary,1971] - Failed to check/redeclare auto-delete queue(s).
org.springframework.amqp.AmqpConnectException: java.net.ConnectException: Connection refused: getsockopt
	at org.springframework.amqp.rabbit.support.RabbitExceptionTranslator.convertRabbitAccessException(RabbitExceptionTranslator.java:61)
	at org.springframework.amqp.rabbit.connection.AbstractConnectionFactory.createBareConnection(AbstractConnectionFactory.java:603)
	at org.springframework.amqp.rabbit.connection.CachingConnectionFactory.createConnection(CachingConnectionFactory.java:725)
	at org.springframework.amqp.rabbit.connection.ConnectionFactoryUtils.createConnection(ConnectionFactoryUtils.java:252)
	at org.springframework.amqp.rabbit.core.RabbitTemplate.doExecute(RabbitTemplate.java:2210)
	at org.springframework.amqp.rabbit.core.RabbitTemplate.execute(RabbitTemplate.java:2183)
	at org.springframework.amqp.rabbit.core.RabbitTemplate.execute(RabbitTemplate.java:2163)
	at org.springframework.amqp.rabbit.core.RabbitAdmin.getQueueInfo(RabbitAdmin.java:469)
	at org.springframework.amqp.rabbit.core.RabbitAdmin.getQueueProperties(RabbitAdmin.java:453)
	at org.springframework.amqp.rabbit.listener.AbstractMessageListenerContainer.attemptDeclarations(AbstractMessageListenerContainer.java:1995)
	at org.springframework.amqp.rabbit.listener.AbstractMessageListenerContainer.redeclareElementsIfNecessary(AbstractMessageListenerContainer.java:1963)
	at org.springframework.amqp.rabbit.listener.SimpleMessageListenerContainer$AsyncMessageProcessingConsumer.initialize(SimpleMessageListenerContainer.java:1381)
	at org.springframework.amqp.rabbit.listener.SimpleMessageListenerContainer$AsyncMessageProcessingConsumer.run(SimpleMessageListenerContainer.java:1223)
	at java.base/java.lang.Thread.run(Thread.java:840)
Caused by: java.net.ConnectException: Connection refused: getsockopt
	at java.base/sun.nio.ch.Net.pollConnect(Native Method)
	at java.base/sun.nio.ch.Net.pollConnectNow(Net.java:672)
	at java.base/sun.nio.ch.NioSocketImpl.timedFinishConnect(NioSocketImpl.java:547)
	at java.base/sun.nio.ch.NioSocketImpl.connect(NioSocketImpl.java:602)
	at java.base/java.net.SocksSocketImpl.connect(SocksSocketImpl.java:327)
	at java.base/java.net.Socket.connect(Socket.java:633)
	at com.rabbitmq.client.impl.SocketFrameHandlerFactory.create(SocketFrameHandlerFactory.java:62)
	at com.rabbitmq.client.ConnectionFactory.newConnection(ConnectionFactory.java:1234)
	at com.rabbitmq.client.ConnectionFactory.newConnection(ConnectionFactory.java:1184)
	at org.springframework.amqp.rabbit.connection.AbstractConnectionFactory.connectAddresses(AbstractConnectionFactory.java:641)
	at org.springframework.amqp.rabbit.connection.AbstractConnectionFactory.connect(AbstractConnectionFactory.java:616)
	at org.springframework.amqp.rabbit.connection.AbstractConnectionFactory.createBareConnection(AbstractConnectionFactory.java:566)
	... 12 common frames omitted
17:10:08.773 [org.springframework.amqp.rabbit.RabbitListenerEndpointContainer#0-2] ERROR o.s.a.r.l.SimpleMessageListenerContainer - [redeclareElementsIfNecessary,1974] - Failed to check/redeclare auto-delete queue(s).
17:10:13.907 [org.springframework.amqp.rabbit.RabbitListenerEndpointContainer#0-3] ERROR o.s.a.r.l.SimpleMessageListenerContainer - [redeclareElementsIfNecessary,1974] - Failed to check/redeclare auto-delete queue(s).
17:10:18.983 [org.springframework.amqp.rabbit.RabbitListenerEndpointContainer#0-4] ERROR o.s.a.r.l.SimpleMessageListenerContainer - [redeclareElementsIfNecessary,1974] - Failed to check/redeclare auto-delete queue(s).
17:10:24.074 [org.springframework.amqp.rabbit.RabbitListenerEndpointContainer#0-5] ERROR o.s.a.r.l.SimpleMessageListenerContainer - [redeclareElementsIfNecessary,1974] - Failed to check/redeclare auto-delete queue(s).
17:10:29.166 [org.springframework.amqp.rabbit.RabbitListenerEndpointContainer#0-6] ERROR o.s.a.r.l.SimpleMessageListenerContainer - [redeclareElementsIfNecessary,1974] - Failed to check/redeclare auto-delete queue(s).
17:10:34.271 [org.springframework.amqp.rabbit.RabbitListenerEndpointContainer#0-7] ERROR o.s.a.r.l.SimpleMessageListenerContainer - [redeclareElementsIfNecessary,1974] - Failed to check/redeclare auto-delete queue(s).
17:10:39.334 [org.springframework.amqp.rabbit.RabbitListenerEndpointContainer#0-8] ERROR o.s.a.r.l.SimpleMessageListenerContainer - [redeclareElementsIfNecessary,1974] - Failed to check/redeclare auto-delete queue(s).
17:10:44.456 [org.springframework.amqp.rabbit.RabbitListenerEndpointContainer#0-9] ERROR o.s.a.r.l.SimpleMessageListenerContainer - [redeclareElementsIfNecessary,1974] - Failed to check/redeclare auto-delete queue(s).
17:10:49.509 [org.springframework.amqp.rabbit.RabbitListenerEndpointContainer#0-10] ERROR o.s.a.r.l.SimpleMessageListenerContainer - [redeclareElementsIfNecessary,1974] - Failed to check/redeclare auto-delete queue(s).
17:10:54.618 [org.springframework.amqp.rabbit.RabbitListenerEndpointContainer#0-11] ERROR o.s.a.r.l.SimpleMessageListenerContainer - [redeclareElementsIfNecessary,1974] - Failed to check/redeclare auto-delete queue(s).
17:10:59.760 [org.springframework.amqp.rabbit.RabbitListenerEndpointContainer#0-12] ERROR o.s.a.r.l.SimpleMessageListenerContainer - [redeclareElementsIfNecessary,1974] - Failed to check/redeclare auto-delete queue(s).
17:11:04.837 [org.springframework.amqp.rabbit.RabbitListenerEndpointContainer#0-13] ERROR o.s.a.r.l.SimpleMessageListenerContainer - [redeclareElementsIfNecessary,1974] - Failed to check/redeclare auto-delete queue(s).
17:11:09.918 [org.springframework.amqp.rabbit.RabbitListenerEndpointContainer#0-14] ERROR o.s.a.r.l.SimpleMessageListenerContainer - [redeclareElementsIfNecessary,1974] - Failed to check/redeclare auto-delete queue(s).
17:11:15.343 [org.springframework.amqp.rabbit.RabbitListenerEndpointContainer#0-15] ERROR o.s.a.r.l.SimpleMessageListenerContainer - [redeclareElementsIfNecessary,1974] - Failed to check/redeclare auto-delete queue(s).
17:11:20.446 [org.springframework.amqp.rabbit.RabbitListenerEndpointContainer#0-16] ERROR o.s.a.r.l.SimpleMessageListenerContainer - [redeclareElementsIfNecessary,1974] - Failed to check/redeclare auto-delete queue(s).
17:11:25.542 [org.springframework.amqp.rabbit.RabbitListenerEndpointContainer#0-17] ERROR o.s.a.r.l.SimpleMessageListenerContainer - [redeclareElementsIfNecessary,1974] - Failed to check/redeclare auto-delete queue(s).
17:11:30.611 [org.springframework.amqp.rabbit.RabbitListenerEndpointContainer#0-18] ERROR o.s.a.r.l.SimpleMessageListenerContainer - [redeclareElementsIfNecessary,1974] - Failed to check/redeclare auto-delete queue(s).
17:11:35.675 [org.springframework.amqp.rabbit.RabbitListenerEndpointContainer#0-19] ERROR o.s.a.r.l.SimpleMessageListenerContainer - [redeclareElementsIfNecessary,1974] - Failed to check/redeclare auto-delete queue(s).
17:11:40.746 [org.springframework.amqp.rabbit.RabbitListenerEndpointContainer#0-20] ERROR o.s.a.r.l.SimpleMessageListenerContainer - [redeclareElementsIfNecessary,1974] - Failed to check/redeclare auto-delete queue(s).
17:11:45.816 [org.springframework.amqp.rabbit.RabbitListenerEndpointContainer#0-21] ERROR o.s.a.r.l.SimpleMessageListenerContainer - [redeclareElementsIfNecessary,1974] - Failed to check/redeclare auto-delete queue(s).
